Log message source details sources=["/workspaces/ite-data-pipelines/.airflow/logs/dag_id=reference_pipeline/run_id=scheduled__2026-10-11T22:00:00+00:00/task_id=ingest_files/attempt=1.log"]
[2026-10-12 06:00:02] INFO - Running command: ['/usr/bin/bash', '-c', 'cd /workspaces/ite-data-pipelines && /usr/local/python/current/bin/python lab1/solution/ingest_files.py'] source=airflow.task.hooks.airflow.providers.standard.hooks.subprocess.SubprocessHook loc=subprocess.py:80
[2026-10-12 06:00:02] INFO - 2026-10-12 06:00:02,187 INFO    ingest_files: Starting file load, batch 20261012-060002-3f81c2 source=airflow.task.hooks.airflow.providers.standard.hooks.subprocess.SubprocessHook loc=subprocess.py:99
[2026-10-12 06:00:02] INFO - 2026-10-12 06:00:02,225 INFO    ingest_files: Loaded 404 rows into bronze.file_attendance source=airflow.task.hooks.airflow.providers.standard.hooks.subprocess.SubprocessHook loc=subprocess.py:99
[2026-10-12 06:00:02] INFO - 2026-10-12 06:00:02,228 INFO    ingest_files: 2 rows rejected (see reject_errors) source=airflow.task.hooks.airflow.providers.standard.hooks.subprocess.SubprocessHook loc=subprocess.py:99
[2026-10-12 06:00:02] INFO - Command exited with return code 0 source=airflow.task.hooks.airflow.providers.standard.hooks.subprocess.SubprocessHook loc=subprocess.py:103
Log message source details sources=["/workspaces/ite-data-pipelines/.airflow/logs/dag_id=reference_pipeline/run_id=scheduled__2026-10-11T22:00:00+00:00/task_id=record_run/attempt=1.log"]
[2026-10-12 06:00:19] INFO - Running command: ['/usr/bin/bash', '-c', "cd /workspaces/ite-data-pipelines && /usr/local/python/current/bin/python scripts/record_run.py --run-id 'scheduled__2026-10-11T22:00:00+00:00' --dag-id reference_pipeline --dbt-dir dbt/reference"] source=airflow.task.hooks.airflow.providers.standard.hooks.subprocess.SubprocessHook loc=subprocess.py:80
[2026-10-12 06:00:19] INFO - Recorded run in audit.pipeline_runs: source=airflow.task.hooks.airflow.providers.standard.hooks.subprocess.SubprocessHook loc=subprocess.py:99
[2026-10-12 06:00:19] INFO -   run_id                scheduled__2026-10-11T22:00:00+00:00 source=airflow.task.hooks.airflow.providers.standard.hooks.subprocess.SubprocessHook loc=subprocess.py:99
[2026-10-12 06:00:19] INFO -   recorded_at           2026-10-12 06:00:19 source=airflow.task.hooks.airflow.providers.standard.hooks.subprocess.SubprocessHook loc=subprocess.py:99
[2026-10-12 06:00:19] INFO -   rows_file_attendance  404 source=airflow.task.hooks.airflow.providers.standard.hooks.subprocess.SubprocessHook loc=subprocess.py:99
[2026-10-12 06:00:19] INFO -   rows_db_students      40 source=airflow.task.hooks.airflow.providers.standard.hooks.subprocess.SubprocessHook loc=subprocess.py:99
[2026-10-12 06:00:19] INFO -   rows_api_grades       200 source=airflow.task.hooks.airflow.providers.standard.hooks.subprocess.SubprocessHook loc=subprocess.py:99
[2026-10-12 06:00:19] INFO - Command exited with return code 0 source=airflow.task.hooks.airflow.providers.standard.hooks.subprocess.SubprocessHook loc=subprocess.py:103
Log message source details sources=["/workspaces/ite-data-pipelines/.airflow/logs/dag_id=reference_pipeline/run_id=scheduled__2026-10-12T22:00:00+00:00/task_id=ingest_files/attempt=1.log"]
[2026-10-13 06:00:02] INFO - Running command: ['/usr/bin/bash', '-c', 'cd /workspaces/ite-data-pipelines && /usr/local/python/current/bin/python lab1/solution/ingest_files.py'] source=airflow.task.hooks.airflow.providers.standard.hooks.subprocess.SubprocessHook loc=subprocess.py:80
[2026-10-13 06:00:02] INFO - 2026-10-13 06:00:02,187 INFO    ingest_files: Starting file load, batch 20261013-060002-a90d47 source=airflow.task.hooks.airflow.providers.standard.hooks.subprocess.SubprocessHook loc=subprocess.py:99
[2026-10-13 06:00:02] INFO - 2026-10-13 06:00:02,225 INFO    ingest_files: Loaded 404 rows into bronze.file_attendance source=airflow.task.hooks.airflow.providers.standard.hooks.subprocess.SubprocessHook loc=subprocess.py:99
[2026-10-13 06:00:02] INFO - 2026-10-13 06:00:02,228 INFO    ingest_files: 2 rows rejected (see reject_errors) source=airflow.task.hooks.airflow.providers.standard.hooks.subprocess.SubprocessHook loc=subprocess.py:99
[2026-10-13 06:00:02] INFO - Command exited with return code 0 source=airflow.task.hooks.airflow.providers.standard.hooks.subprocess.SubprocessHook loc=subprocess.py:103
Log message source details sources=["/workspaces/ite-data-pipelines/.airflow/logs/dag_id=reference_pipeline/run_id=scheduled__2026-10-12T22:00:00+00:00/task_id=record_run/attempt=1.log"]
[2026-10-13 06:00:19] INFO - Running command: ['/usr/bin/bash', '-c', "cd /workspaces/ite-data-pipelines && /usr/local/python/current/bin/python scripts/record_run.py --run-id 'scheduled__2026-10-12T22:00:00+00:00' --dag-id reference_pipeline --dbt-dir dbt/reference"] source=airflow.task.hooks.airflow.providers.standard.hooks.subprocess.SubprocessHook loc=subprocess.py:80
[2026-10-13 06:00:19] INFO - Recorded run in audit.pipeline_runs: source=airflow.task.hooks.airflow.providers.standard.hooks.subprocess.SubprocessHook loc=subprocess.py:99
[2026-10-13 06:00:19] INFO -   run_id                scheduled__2026-10-12T22:00:00+00:00 source=airflow.task.hooks.airflow.providers.standard.hooks.subprocess.SubprocessHook loc=subprocess.py:99
[2026-10-13 06:00:19] INFO -   recorded_at           2026-10-13 06:00:19 source=airflow.task.hooks.airflow.providers.standard.hooks.subprocess.SubprocessHook loc=subprocess.py:99
[2026-10-13 06:00:19] INFO -   rows_file_attendance  404 source=airflow.task.hooks.airflow.providers.standard.hooks.subprocess.SubprocessHook loc=subprocess.py:99
[2026-10-13 06:00:19] INFO -   rows_db_students      40 source=airflow.task.hooks.airflow.providers.standard.hooks.subprocess.SubprocessHook loc=subprocess.py:99
[2026-10-13 06:00:19] INFO -   rows_api_grades       200 source=airflow.task.hooks.airflow.providers.standard.hooks.subprocess.SubprocessHook loc=subprocess.py:99
[2026-10-13 06:00:19] INFO - Command exited with return code 0 source=airflow.task.hooks.airflow.providers.standard.hooks.subprocess.SubprocessHook loc=subprocess.py:103
Log message source details sources=["/workspaces/ite-data-pipelines/.airflow/logs/dag_id=reference_pipeline/run_id=scheduled__2026-10-13T22:00:00+00:00/task_id=ingest_files/attempt=1.log"]
[2026-10-14 06:00:02] INFO - Running command: ['/usr/bin/bash', '-c', 'cd /workspaces/ite-data-pipelines && /usr/local/python/current/bin/python lab1/solution/ingest_files.py'] source=airflow.task.hooks.airflow.providers.standard.hooks.subprocess.SubprocessHook loc=subprocess.py:80
[2026-10-14 06:00:02] INFO - 2026-10-14 06:00:02,187 INFO    ingest_files: Starting file load, batch 20261014-060002-5e2b18 source=airflow.task.hooks.airflow.providers.standard.hooks.subprocess.SubprocessHook loc=subprocess.py:99
[2026-10-14 06:00:02] INFO - 2026-10-14 06:00:02,225 INFO    ingest_files: Loaded 404 rows into bronze.file_attendance source=airflow.task.hooks.airflow.providers.standard.hooks.subprocess.SubprocessHook loc=subprocess.py:99
[2026-10-14 06:00:02] INFO - 2026-10-14 06:00:02,228 INFO    ingest_files: 2 rows rejected (see reject_errors) source=airflow.task.hooks.airflow.providers.standard.hooks.subprocess.SubprocessHook loc=subprocess.py:99
[2026-10-14 06:00:02] INFO - Command exited with return code 0 source=airflow.task.hooks.airflow.providers.standard.hooks.subprocess.SubprocessHook loc=subprocess.py:103
Log message source details sources=["/workspaces/ite-data-pipelines/.airflow/logs/dag_id=reference_pipeline/run_id=scheduled__2026-10-13T22:00:00+00:00/task_id=record_run/attempt=1.log"]
[2026-10-14 06:00:19] INFO - Running command: ['/usr/bin/bash', '-c', "cd /workspaces/ite-data-pipelines && /usr/local/python/current/bin/python scripts/record_run.py --run-id 'scheduled__2026-10-13T22:00:00+00:00' --dag-id reference_pipeline --dbt-dir dbt/reference"] source=airflow.task.hooks.airflow.providers.standard.hooks.subprocess.SubprocessHook loc=subprocess.py:80
[2026-10-14 06:00:19] INFO - Recorded run in audit.pipeline_runs: source=airflow.task.hooks.airflow.providers.standard.hooks.subprocess.SubprocessHook loc=subprocess.py:99
[2026-10-14 06:00:19] INFO -   run_id                scheduled__2026-10-13T22:00:00+00:00 source=airflow.task.hooks.airflow.providers.standard.hooks.subprocess.SubprocessHook loc=subprocess.py:99
[2026-10-14 06:00:19] INFO -   recorded_at           2026-10-14 06:00:19 source=airflow.task.hooks.airflow.providers.standard.hooks.subprocess.SubprocessHook loc=subprocess.py:99
[2026-10-14 06:00:19] INFO -   rows_file_attendance  404 source=airflow.task.hooks.airflow.providers.standard.hooks.subprocess.SubprocessHook loc=subprocess.py:99
[2026-10-14 06:00:19] INFO -   rows_db_students      40 source=airflow.task.hooks.airflow.providers.standard.hooks.subprocess.SubprocessHook loc=subprocess.py:99
[2026-10-14 06:00:19] INFO -   rows_api_grades       200 source=airflow.task.hooks.airflow.providers.standard.hooks.subprocess.SubprocessHook loc=subprocess.py:99
[2026-10-14 06:00:19] INFO - Command exited with return code 0 source=airflow.task.hooks.airflow.providers.standard.hooks.subprocess.SubprocessHook loc=subprocess.py:103
