Log message source details sources=["/workspaces/ite-data-pipelines/.airflow/logs/dag_id=reference_pipeline/run_id=scheduled__2026-10-07T22:00:00+00:00/task_id=dbt_build/attempt=1.log"]
[2026-10-08 06:00:07] INFO - Running command: ['/usr/bin/bash', '-c', 'cd /workspaces/ite-data-pipelines/dbt/reference && /usr/local/python/current/bin/dbt build'] source=airflow.task.hooks.airflow.providers.standard.hooks.subprocess.SubprocessHook loc=subprocess.py:80
[2026-10-08 06:00:07] INFO - Output: source=airflow.task.hooks.airflow.providers.standard.hooks.subprocess.SubprocessHook loc=subprocess.py:92
[2026-10-08 06:00:08] INFO - 22:00:07  Running with dbt=1.11.15 source=airflow.task.hooks.airflow.providers.standard.hooks.subprocess.SubprocessHook loc=subprocess.py:99
[2026-10-08 06:00:08] INFO - 22:00:08  Registered adapter: duckdb=1.11.0 source=airflow.task.hooks.airflow.providers.standard.hooks.subprocess.SubprocessHook loc=subprocess.py:99
[2026-10-08 06:00:09] INFO - 22:00:08  Found 7 models, 19 data tests, 2 seeds, 3 sources, 502 macros, 1 unit test source=airflow.task.hooks.airflow.providers.standard.hooks.subprocess.SubprocessHook loc=subprocess.py:99
[2026-10-08 06:00:09] INFO - 22:00:08  Concurrency: 1 threads (target='dev') source=airflow.task.hooks.airflow.providers.standard.hooks.subprocess.SubprocessHook loc=subprocess.py:99
[2026-10-08 06:00:09] INFO - 22:00:08  5 of 30 START unit_test stg_attendance::attendance_keeps_latest_of_duplicates .. [RUN] source=airflow.task.hooks.airflow.providers.standard.hooks.subprocess.SubprocessHook loc=subprocess.py:99
[2026-10-08 06:00:09] INFO - 22:00:08  5 of 30 PASS stg_attendance::attendance_keeps_latest_of_duplicates ............. [PASS in 0.24s] source=airflow.task.hooks.airflow.providers.standard.hooks.subprocess.SubprocessHook loc=subprocess.py:99
[2026-10-08 06:00:09] INFO - 22:00:08  6 of 30 START sql view model ref_silver.stg_attendance ......................... [RUN] source=airflow.task.hooks.airflow.providers.standard.hooks.subprocess.SubprocessHook loc=subprocess.py:99
[2026-10-08 06:00:09] INFO - 22:00:09  6 of 30 OK created sql view model ref_silver.stg_attendance .................... [OK in 0.09s] source=airflow.task.hooks.airflow.providers.standard.hooks.subprocess.SubprocessHook loc=subprocess.py:99
[2026-10-08 06:00:09] INFO - 22:00:09  7 of 30 START test accepted_values_stg_attendance_attendance_status__PRESENT__ABSENT__LATE__MC  [RUN] source=airflow.task.hooks.airflow.providers.standard.hooks.subprocess.SubprocessHook loc=subprocess.py:99
[2026-10-08 06:00:09] INFO - 22:00:09  7 of 30 FAIL 1 accepted_values_stg_attendance_attendance_status__PRESENT__ABSENT__LATE__MC  [FAIL 1 in 0.05s] source=airflow.task.hooks.airflow.providers.standard.hooks.subprocess.SubprocessHook loc=subprocess.py:99
[2026-10-08 06:00:09] INFO - 22:00:09  8 of 30 START test assert_score_between_0_and_100 .............................. [RUN] source=airflow.task.hooks.airflow.providers.standard.hooks.subprocess.SubprocessHook loc=subprocess.py:99
[2026-10-08 06:00:09] INFO - 22:00:09  8 of 30 PASS assert_score_between_0_and_100 .................................... [PASS in 0.02s] source=airflow.task.hooks.airflow.providers.standard.hooks.subprocess.SubprocessHook loc=subprocess.py:99
[2026-10-08 06:00:09] INFO - 22:00:09  12 of 30 START test relationships_stg_grades_student_id__student_id__ref_stg_students_  [RUN] source=airflow.task.hooks.airflow.providers.standard.hooks.subprocess.SubprocessHook loc=subprocess.py:99
[2026-10-08 06:00:09] INFO - 22:00:09  12 of 30 WARN 1 relationships_stg_grades_student_id__student_id__ref_stg_students_  [WARN 1 in 0.03s] source=airflow.task.hooks.airflow.providers.standard.hooks.subprocess.SubprocessHook loc=subprocess.py:99
[2026-10-08 06:00:09] INFO - 22:00:09  14 of 30 START test relationships_stg_students_course_code__course_code__ref_courses_  [RUN] source=airflow.task.hooks.airflow.providers.standard.hooks.subprocess.SubprocessHook loc=subprocess.py:99
[2026-10-08 06:00:09] INFO - 22:00:09  14 of 30 WARN 1 relationships_stg_students_course_code__course_code__ref_courses_  [WARN 1 in 0.03s] source=airflow.task.hooks.airflow.providers.standard.hooks.subprocess.SubprocessHook loc=subprocess.py:99
[2026-10-08 06:00:10] INFO - 22:00:09  16 of 30 SKIP relation ref_gold.dim_date ....................................... [SKIP] source=airflow.task.hooks.airflow.providers.standard.hooks.subprocess.SubprocessHook loc=subprocess.py:99
[2026-10-08 06:00:10] INFO - 22:00:09  17 of 30 SKIP relation ref_gold.fct_attendance ................................. [SKIP] source=airflow.task.hooks.airflow.providers.standard.hooks.subprocess.SubprocessHook loc=subprocess.py:99
[2026-10-08 06:00:10] INFO - 22:00:09  Finished running 2 seeds, 4 table models, 19 data tests, 1 unit test, 3 view models in 0 hours 0 minutes and 1.11 seconds (1.11s). source=airflow.task.hooks.airflow.providers.standard.hooks.subprocess.SubprocessHook loc=subprocess.py:99
[2026-10-08 06:00:10] INFO - 22:00:09  Completed with 1 error, 0 partial successes, and 2 warnings: source=airflow.task.hooks.airflow.providers.standard.hooks.subprocess.SubprocessHook loc=subprocess.py:99
[2026-10-08 06:00:10] INFO - 22:00:09  Failure in test accepted_values_stg_attendance_attendance_status__PRESENT__ABSENT__LATE__MC (silver/schema_example.yml) source=airflow.task.hooks.airflow.providers.standard.hooks.subprocess.SubprocessHook loc=subprocess.py:99
[2026-10-08 06:00:10] INFO - 22:00:09    Got 1 result, configured to fail if != 0 source=airflow.task.hooks.airflow.providers.standard.hooks.subprocess.SubprocessHook loc=subprocess.py:99
[2026-10-08 06:00:10] INFO - 22:00:09    compiled code at target/compiled/ite_reference/silver/schema_example.yml/accepted_values_stg_attendance_cbd55c1260c6824847c1665ee6446044.sql source=airflow.task.hooks.airflow.providers.standard.hooks.subprocess.SubprocessHook loc=subprocess.py:99
[2026-10-08 06:00:10] INFO - 22:00:09  Warning in test relationships_stg_grades_student_id__student_id__ref_stg_students_ (silver/schema_example.yml) source=airflow.task.hooks.airflow.providers.standard.hooks.subprocess.SubprocessHook loc=subprocess.py:99
[2026-10-08 06:00:10] INFO - 22:00:09  Got 1 result, configured to warn if != 0 source=airflow.task.hooks.airflow.providers.standard.hooks.subprocess.SubprocessHook loc=subprocess.py:99
[2026-10-08 06:00:10] INFO - 22:00:09    compiled code at target/compiled/ite_reference/silver/schema_example.yml/relationships_stg_grades_51199b73c23f3d6b8b3ce75c8638f003.sql source=airflow.task.hooks.airflow.providers.standard.hooks.subprocess.SubprocessHook loc=subprocess.py:99
[2026-10-08 06:00:10] INFO - 22:00:09  Warning in test relationships_stg_students_course_code__course_code__ref_courses_ (silver/schema_example.yml) source=airflow.task.hooks.airflow.providers.standard.hooks.subprocess.SubprocessHook loc=subprocess.py:99
[2026-10-08 06:00:10] INFO - 22:00:09  Got 1 result, configured to warn if != 0 source=airflow.task.hooks.airflow.providers.standard.hooks.subprocess.SubprocessHook loc=subprocess.py:99
[2026-10-08 06:00:10] INFO - 22:00:09    compiled code at target/compiled/ite_reference/silver/schema_example.yml/relationships_stg_students_a9d35e4ee78630b952336f29cc7339cd.sql source=airflow.task.hooks.airflow.providers.standard.hooks.subprocess.SubprocessHook loc=subprocess.py:99
[2026-10-08 06:00:10] INFO - 22:00:09  Done. PASS=17 WARN=2 ERROR=1 SKIP=9 NO-OP=0 TOTAL=29 source=airflow.task.hooks.airflow.providers.standard.hooks.subprocess.SubprocessHook loc=subprocess.py:99
[2026-10-08 06:00:10] INFO - Command exited with return code 1 source=airflow.task.hooks.airflow.providers.standard.hooks.subprocess.SubprocessHook loc=subprocess.py:103
[2026-10-08 06:00:10] ERROR - Task failed with exception source=task loc=task_runner.py:1651
AirflowException: Bash command failed. The command returned a non-zero exit code 1.
  File "/opt/airflow-venv/lib/python3.12/site-packages/airflow/sdk/bases/decorator.py", line 435, in execute
  File "/opt/airflow-venv/lib/python3.12/site-packages/airflow/sdk/bases/operator.py", line 462, in wrapper
  File "/opt/airflow-venv/lib/python3.12/site-packages/airflow/providers/standard/operators/bash.py", line 225, in execute
